C:\Users\User\OneDrive - Universidad Fidélitas\Documentos\NetBeansProjects\Cinelitas\src\main\java\Cinelitas\entity\Pelicula.java
C:\Users\User\OneDrive - Universidad Fidélitas\Documentos\NetBeansProjects\Cinelitas\src\main\java\Cinelitas\controller\PeliculaController.java
C:\Users\User\OneDrive - Universidad Fidélitas\Documentos\NetBeansProjects\Cinelitas\src\main\java\Cinelitas\repository\PeliculaRepository.java
C:\Users\User\OneDrive - Universidad Fidélitas\Documentos\NetBeansProjects\Cinelitas\src\main\java\Cinelitas\service\IPeliculaService.java
C:\Users\User\OneDrive - Universidad Fidélitas\Documentos\NetBeansProjects\Cinelitas\src\main\java\Cinelitas\service\PeliculaService.java
C:\Users\User\OneDrive - Universidad Fidélitas\Documentos\NetBeansProjects\Cinelitas\src\main\java\Cinelitas\entity\Sala.java
C:\Users\User\OneDrive - Universidad Fidélitas\Documentos\NetBeansProjects\Cinelitas\src\main\java\Cinelitas\service\ISalaService.java
C:\Users\User\OneDrive - Universidad Fidélitas\Documentos\NetBeansProjects\Cinelitas\src\main\java\Cinelitas\repository\SalaRepository.java
C:\Users\User\OneDrive - Universidad Fidélitas\Documentos\NetBeansProjects\Cinelitas\src\main\java\Cinelitas\service\SalaService.java
C:\Users\User\OneDrive - Universidad Fidélitas\Documentos\NetBeansProjects\Cinelitas\src\main\java\Cinelitas\ICinelitasApplication.java
